[{"stream_name":"stdout","time":5.434450294,"data":"   ━━━━━━━━━━━━━━━━━━━━━━━━━━━━━━━━━━━━━━━━ 11.2/11.2 MB 45.4 MB/s eta 0:00:00\n"}
,{"stream_name":"stdout","time":5.500255348,"data":"   ━━━━━━━━━━━━━━━━━━━━━━━━━━━━━━━━━━━━━━━━ 680.7/680.7 kB 46.8 MB/s eta 0:00:00\n"}
,{"stream_name":"stdout","time":5.564126145,"data":"   ━━━━━━━━━━━━━━━━━━━━━━━━━━━━━━━━━━━━━━━━ 555.1/555.1 kB 37.9 MB/s eta 0:00:00\n"}
,{"stream_name":"stdout","time":5.625729743,"data":"   ━━━━━━━━━━━━━━━━━━━━━━━━━━━━━━━━━━━━━━━━ 389.2/389.2 kB 32.0 MB/s eta 0:00:00\n"}
,{"stream_name":"stdout","time":5.706881097,"data":"   ━━━━━━━━━━━━━━━━━━━━━━━━━━━━━━━━━━━━━━━━ 3.2/3.2 MB 104.5 MB/s eta 0:00:00\n"}
,{"stream_name":"stdout","time":5.948836171,"data":"   ━━━━━━━━━━━━━━━━━━━━━━━━━━━━━━━━━━━━━━━━ 12.2/12.2 MB 56.0 MB/s eta 0:00:00\n"}
,{"stream_name":"stderr","time":20.935328809,"data":"ERROR: pip's dependency resolver does not currently take into account all the packages that are installed. This behaviour is the source of the following dependency conflicts.\n"}
,{"stream_name":"stderr","time":20.935373012,"data":"dask-cuda 26.2.0 requires cuda-core==0.3.*, but you have cuda-core 1.0.1 which is incompatible.\n"}
,{"stream_name":"stderr","time":20.935381838,"data":"dask-cuda 26.2.0 requires numba-cuda\u003c0.23.0,\u003e=0.22.1, but you have numba-cuda 0.30.2 which is incompatible.\n"}
,{"stream_name":"stderr","time":20.93538548,"data":"distributed-ucxx-cu12 0.48.0 requires numba-cuda[cu12]\u003c0.23.0,\u003e=0.22.1, but you have numba-cuda 0.30.2 which is incompatible.\n"}
,{"stream_name":"stderr","time":20.935388908,"data":"cuml-cu12 26.2.0 requires numba\u003c0.62.0,\u003e=0.60.0, but you have numba 0.65.1 which is incompatible.\n"}
,{"stream_name":"stderr","time":20.935392324,"data":"cuml-cu12 26.2.0 requires numba-cuda[cu12]\u003c0.23.0,\u003e=0.22.1, but you have numba-cuda 0.30.2 which is incompatible.\n"}
,{"stream_name":"stderr","time":20.935432752,"data":"ucxx-cu12 0.48.0 requires numba-cuda[cu12]\u003c0.23.0,\u003e=0.22.1, but you have numba-cuda 0.30.2 which is incompatible.\n"}
,{"stream_name":"stderr","time":20.935439067,"data":"cudf-cu12 26.2.1 requires numba\u003c0.62.0,\u003e=0.60.0, but you have numba 0.65.1 which is incompatible.\n"}
,{"stream_name":"stderr","time":20.935444007,"data":"cudf-cu12 26.2.1 requires numba-cuda[cu12]\u003c0.23.0,\u003e=0.22.2, but you have numba-cuda 0.30.2 which is incompatible.\n"}
,{"stream_name":"stderr","time":33.40869274,"data":"Skipping import of cpp extensions due to incompatible torch version. Please upgrade to torch \u003e= 2.11.0 (found 2.10.0+cu128).\n"}
,{"stream_name":"stderr","time":44.267430165,"data":"Warning: You are sending unauthenticated requests to the HF Hub. Please set a HF_TOKEN to enable higher rate limits and faster downloads.\n"}
,{"stream_name":"stderr","time":59.107191944,"data":"\rLoading weights:   0%|          | 0/290 [00:00\u003c?, ?it/s]\rLoading weights:   0%|          | 1/290 [00:00\u003c01:59,  2.42it/s]\rLoading weights: 100%|██████████| 290/290 [00:00\u003c00:00, 591.69it/s]\n"}
,{"stream_name":"stdout","time":60.063823178,"data":"trainable params: 2,162,688 || all params: 496,195,456 || trainable%: 0.4359\n"}
,{"stream_name":"stderr","time":67.224551574,"data":"[transformers] `use_cache=True` is incompatible with gradient checkpointing. Setting `use_cache=False`.\n"}
,{"stream_name":"stderr","time":78.436197736,"data":"Traceback (most recent call last):\n"}
,{"stream_name":"stderr","time":78.43624425,"data":"  File \"/kaggle/src/script.py\", line 180, in \u003cmodule\u003e\n"}
,{"stream_name":"stderr","time":78.438175114,"data":"    scaler.scale(loss / GRAD_ACCUM).backward()\n"}
,{"stream_name":"stderr","time":78.438206824,"data":"  File \"/usr/local/lib/python3.12/dist-packages/torch/_tensor.py\", line 630, in backward\n"}
,{"stream_name":"stderr","time":78.439868049,"data":"    torch.autograd.backward(\n"}
,{"stream_name":"stderr","time":78.439888386,"data":"  File \"/usr/local/lib/python3.12/dist-packages/torch/autograd/__init__.py\", line 364, in backward\n"}
,{"stream_name":"stderr","time":78.440722745,"data":"    _engine_run_backward(\n"}
,{"stream_name":"stderr","time":78.440745921,"data":"  File \"/usr/local/lib/python3.12/dist-packages/torch/autograd/graph.py\", line 865, in _engine_run_backward\n"}
,{"stream_name":"stderr","time":78.44181206,"data":"    return Variable._execution_engine.run_backward(  # Calls into the C++ engine to run the backward pass\n"}
,{"stream_name":"stderr","time":78.442105932,"data":"           ^^^^^^^^^^^^^^^^^^^^^^^^^^^^^^^^^^^^^^^^^^^^^^^^^^^^^^^^^^^^^^^^^^^^^^^^^^^^^^^^^^^^^^^^^^^^^^\n"}
,{"stream_name":"stderr","time":78.442118861,"data":"  File \"/usr/local/lib/python3.12/dist-packages/torch/utils/checkpoint.py\", line 1177, in unpack_hook\n"}
,{"stream_name":"stderr","time":78.443393033,"data":"    frame.check_recomputed_tensors_match(gid)\n"}
,{"stream_name":"stderr","time":78.443426391,"data":"  File \"/usr/local/lib/python3.12/dist-packages/torch/utils/checkpoint.py\", line 921, in check_recomputed_tensors_match\n"}
,{"stream_name":"stderr","time":78.443784388,"data":"    raise CheckpointError(\n"}
,{"stream_name":"stderr","time":78.443796512,"data":"torch.utils.checkpoint.CheckpointError: torch.utils.checkpoint: Recomputed values for the following tensors have different metadata than during the forward pass.\n"}
,{"stream_name":"stderr","time":78.44380252,"data":"tensor at position 27:\n"}
,{"stream_name":"stderr","time":78.443808113,"data":"saved metadata: {'shape': torch.Size([1, 14, 8192, 64]), 'dtype': torch.float16, 'device': device(type='cuda', index=0)}\n"}
,{"stream_name":"stderr","time":78.443813318,"data":"recomputed metadata: {'shape': torch.Size([14, 64, 256]), 'dtype': torch.float16, 'device': device(type='cuda', index=0)}\n"}
,{"stream_name":"stderr","time":78.443818395,"data":"tensor at position 28:\n"}
,{"stream_name":"stderr","time":78.443828427,"data":"saved metadata: {'shape': torch.Size([1, 14, 8192, 64]), 'dtype': torch.float16, 'device': device(type='cuda', index=0)}\n"}
,{"stream_name":"stderr","time":78.443832084,"data":"recomputed metadata: {'shape': torch.Size([14, 512, 64]), 'dtype': torch.float16, 'device': device(type='cuda', index=0)}\n"}
,{"stream_name":"stderr","time":78.443835649,"data":"tensor at position 29:\n"}
,{"stream_name":"stderr","time":78.443838875,"data":"saved metadata: {'shape': torch.Size([1, 14, 8192, 64]), 'dtype': torch.float16, 'device': device(type='cuda', index=0)}\n"}
,{"stream_name":"stderr","time":78.443842327,"data":"recomputed metadata: {'shape': torch.Size([1, 1, 512, 256]), 'dtype': torch.bool, 'device': device(type='cuda', index=0)}\n"}
,{"stream_name":"stderr","time":78.443845843,"data":"tensor at position 30:\n"}
,{"stream_name":"stderr","time":78.443849134,"data":"saved metadata: {'shape': torch.Size([1, 14, 8192]), 'dtype': torch.float32, 'device': device(type='cuda', index=0)}\n"}
,{"stream_name":"stderr","time":78.443852717,"data":"recomputed metadata: {'shape': torch.Size([1, 14, 512, 32]), 'dtype': torch.int64, 'device': device(type='cuda', index=0)}\n"}
,{"stream_name":"stderr","time":78.443864924,"data":"tensor at position 31:\n"}
,{"stream_name":"stderr","time":78.443867796,"data":"saved metadata: {'shape': torch.Size([1, 14, 8192, 64]), 'dtype': torch.float16, 'device': device(type='cuda', index=0)}\n"}
,{"stream_name":"stderr","time":78.443870503,"data":"recomputed metadata: {'shape': torch.Size([1, 14, 512, 8192]), 'dtype': torch.float16, 'device': device(type='cuda', index=0)}\n"}
,{"stream_name":"stderr","time":78.443873066,"data":"tensor at position 32:\n"}
,{"stream_name":"stderr","time":78.44387563,"data":"saved metadata: {'shape': torch.Size([]), 'dtype': torch.int64, 'device': device(type='cpu')}\n"}
,{"stream_name":"stderr","time":78.443878158,"data":"recomputed metadata: {'shape': torch.Size([1, 14, 8192, 64]), 'dtype': torch.float16, 'device': device(type='cuda', index=0)}\n"}
,{"stream_name":"stderr","time":78.443895427,"data":"tensor at position 33:\n"}
,{"stream_name":"stderr","time":78.443899402,"data":"saved metadata: {'shape': torch.Size([]), 'dtype': torch.int64, 'device': device(type='cpu')}\n"}
,{"stream_name":"stderr","time":78.443903879,"data":"recomputed metadata: {'shape': torch.Size([1, 14, 512, 64]), 'dtype': torch.float16, 'device': device(type='cuda', index=0)}\n"}
,{"stream_name":"stderr","time":78.443907988,"data":"tensor at position 34:\n"}
,{"stream_name":"stderr","time":78.443913081,"data":"saved metadata: {'shape': torch.Size([896, 896]), 'dtype': torch.float16, 'device': device(type='cuda', index=0)}\n"}
,{"stream_name":"stderr","time":78.443917623,"data":"recomputed metadata: {'shape': torch.Size([1, 14, 8192, 64]), 'dtype': torch.float16, 'device': device(type='cuda', index=0)}\n"}
,{"stream_name":"stderr","time":78.443921572,"data":"tensor at position 35:\n"}
,{"stream_name":"stderr","time":78.443925129,"data":"saved metadata: {'shape': torch.Size([1, 8192, 896]), 'dtype': torch.bool, 'device': device(type='cuda', index=0)}\n"}
,{"stream_name":"stderr","time":78.443928944,"data":"recomputed metadata: {'shape': torch.Size([1, 14, 512]), 'dtype': torch.float32, 'device': device(type='cuda', index=0)}\n"}
,{"stream_name":"stderr","time":78.443932753,"data":"tensor at position 36:\n"}
,{"stream_name":"stderr","time":78.443936293,"data":"saved metadata: {'shape': torch.Size([896, 16]), 'dtype': torch.float32, 'device': device(type='cuda', index=0)}\n"}
,{"stream_name":"stderr","time":78.443940242,"data":"recomputed metadata: {'shape': torch.Size([1, 14, 512, 64]), 'dtype': torch.float16, 'device': device(type='cuda', index=0)}\n"}
,{"stream_name":"stderr","time":78.443945897,"data":"tensor at position 37:\n"}
,{"stream_name":"stderr","time":78.443951375,"data":"saved metadata: {'shape': torch.Size([8192, 896]), 'dtype': torch.float32, 'device': device(type='cuda', index=0)}\n"}
,{"stream_name":"stderr","time":78.443955163,"data":"recomputed metadata: {'shape': torch.Size([]), 'dtype': torch.int64, 'device': device(type='cpu')}\n"}
,{"stream_name":"stderr","time":78.443959501,"data":"tensor at position 38:\n"}
,{"stream_name":"stderr","time":78.443963334,"data":"saved metadata: {'shape': torch.Size([16, 896]), 'dtype': torch.float32, 'device': device(type='cuda', index=0)}\n"}
,{"stream_name":"stderr","time":78.443967779,"data":"recomputed metadata: {'shape': torch.Size([]), 'dtype': torch.int64, 'device': device(type='cpu')}\n"}
,{"stream_name":"stderr","time":78.443971171,"data":"tensor at position 39:\n"}
,{"stream_name":"stderr","time":78.443974303,"data":"saved metadata: {'shape': torch.Size([8192, 16]), 'dtype': torch.float32, 'device': device(type='cuda', index=0)}\n"}
,{"stream_name":"stderr","time":78.443977894,"data":"recomputed metadata: {'shape': torch.Size([14, 64, 256]), 'dtype': torch.float16, 'device': device(type='cuda', index=0)}\n"}
,{"stream_name":"stderr","time":78.443987231,"data":"tensor at position 40:\n"}
,{"stream_name":"stderr","time":78.443991647,"data":"saved metadata: {'shape': torch.Size([1, 8192, 896]), 'dtype': torch.float32, 'device': device(type='cuda', index=0)}\n"}
,{"stream_name":"stderr","time":78.443995065,"data":"recomputed metadata: {'shape': torch.Size([14, 512, 64]), 'dtype': torch.float16, 'device': device(type='cuda', index=0)}\n"}
,{"stream_name":"stderr","time":78.443998757,"data":"tensor at position 41:\n"}
,{"stream_name":"stderr","time":78.444001893,"data":"saved metadata: {'shape': torch.Size([1, 8192, 1]), 'dtype': torch.float32, 'device': device(type='cuda', index=0)}\n"}
,{"stream_name":"stderr","time":78.444005575,"data":"recomputed metadata: {'shape': torch.Size([1, 1, 512, 256]), 'dtype': torch.bool, 'device': device(type='cuda', index=0)}\n"}
,{"stream_name":"stderr","time":78.444009607,"data":"tensor at position 42:\n"}
,{"stream_name":"stderr","time":78.444022387,"data":"saved metadata: {'shape': torch.Size([1, 8192, 1]), 'dtype': torch.float32, 'device': device(type='cuda', index=0)}\n"}
,{"stream_name":"stderr","time":78.444026725,"data":"recomputed metadata: {'shape': torch.Size([1, 14, 512, 32]), 'dtype': torch.int64, 'device': device(type='cuda', index=0)}\n"}
,{"stream_name":"stderr","time":78.44403108,"data":"tensor at position 43:\n"}
,{"stream_name":"stderr","time":78.444034837,"data":"saved metadata: {'shape': torch.Size([1, 8192, 896]), 'dtype': torch.float32, 'device': device(type='cuda', index=0)}\n"}
,{"stream_name":"stderr","time":78.444038918,"data":"recomputed metadata: {'shape': torch.Size([1, 14, 512, 8192]), 'dtype': torch.float16, 'device': device(type='cuda', index=0)}\n"}
,{"stream_name":"stderr","time":78.444043283,"data":"tensor at position 44:\n"}
,{"stream_name":"stderr","time":78.444047325,"data":"saved metadata: {'shape': torch.Size([896]), 'dtype': torch.float16, 'device': device(type='cuda', index=0)}\n"}
,{"stream_name":"stderr","time":78.444051328,"data":"recomputed metadata: {'shape': torch.Size([1, 14, 8192, 64]), 'dtype': torch.float16, 'device': device(type='cuda', index=0)}\n"}
,{"stream_name":"stderr","time":78.444054897,"data":"tensor at position 45:\n"}
,{"stream_name":"stderr","time":78.444058945,"data":"saved metadata: {'shape': torch.Size([896, 4864]), 'dtype': torch.float16, 'device': device(type='cuda', index=0)}\n"}
,{"stream_name":"stderr","time":78.444063108,"data":"recomputed metadata: {'shape': torch.Size([1, 14, 512, 64]), 'dtype': torch.float16, 'device': device(type='cuda', index=0)}\n"}
,{"stream_name":"stderr","time":78.444067263,"data":"tensor at position 46:\n"}
,{"stream_name":"stderr","time":78.444071047,"data":"saved metadata: {'shape': torch.Size([1, 8192, 4864]), 'dtype': torch.float16, 'device': device(type='cuda', index=0)}\n"}
,{"stream_name":"stderr","time":78.444075209,"data":"recomputed metadata: {'shape': torch.Size([1, 14, 8192, 64]), 'dtype': torch.float16, 'device': device(type='cuda', index=0)}\n"}
,{"stream_name":"stderr","time":78.444079167,"data":"tensor at position 47:\n"}
,{"stream_name":"stderr","time":78.444083002,"data":"saved metadata: {'shape': torch.Size([896, 4864]), 'dtype': torch.float16, 'device': device(type='cuda', index=0)}\n"}
,{"stream_name":"stderr","time":78.444087365,"data":"recomputed metadata: {'shape': torch.Size([1, 14, 512]), 'dtype': torch.float32, 'device': device(type='cuda', index=0)}\n"}
,{"stream_name":"stderr","time":78.444091661,"data":"tensor at position 48:\n"}
,{"stream_name":"stderr","time":78.444095234,"data":"saved metadata: {'shape': torch.Size([1, 8192, 4864]), 'dtype': torch.float16, 'device': device(type='cuda', index=0)}\n"}
,{"stream_name":"stderr","time":78.444104043,"data":"recomputed metadata: {'shape': torch.Size([1, 14, 512, 64]), 'dtype': torch.float16, 'device': device(type='cuda', index=0)}\n"}
,{"stream_name":"stderr","time":78.444108054,"data":"tensor at position 49:\n"}
,{"stream_name":"stderr","time":78.444111569,"data":"saved metadata: {'shape': torch.Size([1, 8192, 4864]), 'dtype': torch.float16, 'device': device(type='cuda', index=0)}\n"}
,{"stream_name":"stderr","time":78.444115341,"data":"recomputed metadata: {'shape': torch.Size([]), 'dtype': torch.int64, 'device': device(type='cpu')}\n"}
,{"stream_name":"stderr","time":78.44412005,"data":"tensor at position 50:\n"}
,{"stream_name":"stderr","time":78.444123618,"data":"saved metadata: {'shape': torch.Size([4864, 896]), 'dtype': torch.float16, 'device': device(type='cuda', index=0)}\n"}
,{"stream_name":"stderr","time":78.444127423,"data":"recomputed metadata: {'shape': torch.Size([]), 'dtype': torch.int64, 'device': device(type='cpu')}\n"}
,{"stream_name":"stderr","time":78.444131132,"data":".\n"}
,{"stream_name":"stderr","time":78.444134708,"data":"\n"}
,{"stream_name":"stderr","time":78.444139925,"data":"Tip: To see a more detailed error message, either pass `debug=True` to\n"}
,{"stream_name":"stderr","time":78.444146994,"data":"`torch.utils.checkpoint.checkpoint(...)` or wrap the code block\n"}
,{"stream_name":"stderr","time":78.444149832,"data":"with `with torch.utils.checkpoint.set_checkpoint_debug_enabled(True):` to\n"}
,{"stream_name":"stderr","time":78.444152488,"data":"enable checkpoint‑debug mode globally.\n"}
,{"stream_name":"stderr","time":78.444155613,"data":"\n"}
,{"stream_name":"stderr","time":78.496118989,"data":"Got disconnected from remote data host. Retrying in 5sec [1/20]\n"}
,{"stream_name":"stderr","time":83.501349125,"data":"Fatal Python error: PyGILState_Release: auto-releasing thread-state, but no thread-state for this thread\n"}
,{"stream_name":"stderr","time":83.501387975,"data":"Python runtime state: finalizing (tstate=0x0000000000b8a5b0)\n"}
,{"stream_name":"stderr","time":83.501391651,"data":"\n"}
,{"stream_name":"stderr","time":83.926668422,"data":"Aborted (core dumped)\n"}
,{"stream_name":"stderr","time":85.77863223599999,"data":"/usr/local/lib/python3.12/dist-packages/mistune.py:435: SyntaxWarning: invalid escape sequence '\\|'\n"}
,{"stream_name":"stderr","time":85.778667515,"data":"  cells[i][c] = re.sub('\\\\\\\\\\|', '|', cell)\n"}
,{"stream_name":"stderr","time":85.971827232,"data":"/usr/local/lib/python3.12/dist-packages/nbconvert/filters/filter_links.py:36: SyntaxWarning: invalid escape sequence '\\_'\n"}
,{"stream_name":"stderr","time":85.971854245,"data":"  text = re.sub(r'_', '\\_', text) # Escape underscores in display text\n"}
,{"stream_name":"stderr","time":86.569471731,"data":"[NbConvertApp] Converting notebook __script__.ipynb to html\n"}
,{"stream_name":"stderr","time":87.69420323,"data":"[NbConvertApp] Writing 313972 bytes to __results__.html\n"}
]