[{"stream_name":"stdout","time":4.903917434,"data":"   ━━━━━━━━━━━━━━━━━━━━━━━━━━━━━━━━━━━━━━━━ 11.2/11.2 MB 88.2 MB/s eta 0:00:00\n"}
,{"stream_name":"stdout","time":4.947804425,"data":"   ━━━━━━━━━━━━━━━━━━━━━━━━━━━━━━━━━━━━━━━━ 680.7/680.7 kB 27.2 MB/s eta 0:00:00\n"}
,{"stream_name":"stdout","time":4.980473235,"data":"   ━━━━━━━━━━━━━━━━━━━━━━━━━━━━━━━━━━━━━━━━ 555.1/555.1 kB 35.9 MB/s eta 0:00:00\n"}
,{"stream_name":"stdout","time":5.011147634,"data":"   ━━━━━━━━━━━━━━━━━━━━━━━━━━━━━━━━━━━━━━━━ 389.2/389.2 kB 29.0 MB/s eta 0:00:00\n"}
,{"stream_name":"stdout","time":5.063462009,"data":"   ━━━━━━━━━━━━━━━━━━━━━━━━━━━━━━━━━━━━━━━━ 3.2/3.2 MB 93.1 MB/s eta 0:00:00\n"}
,{"stream_name":"stdout","time":5.258633116,"data":"   ━━━━━━━━━━━━━━━━━━━━━━━━━━━━━━━━━━━━━━━━ 12.2/12.2 MB 62.9 MB/s eta 0:00:00\n"}
,{"stream_name":"stderr","time":20.790447486,"data":"ERROR: pip's dependency resolver does not currently take into account all the packages that are installed. This behaviour is the source of the following dependency conflicts.\n"}
,{"stream_name":"stderr","time":20.790509133,"data":"dask-cuda 26.2.0 requires cuda-core==0.3.*, but you have cuda-core 1.0.1 which is incompatible.\n"}
,{"stream_name":"stderr","time":20.790516782,"data":"dask-cuda 26.2.0 requires numba-cuda\u003c0.23.0,\u003e=0.22.1, but you have numba-cuda 0.30.2 which is incompatible.\n"}
,{"stream_name":"stderr","time":20.790523602,"data":"distributed-ucxx-cu12 0.48.0 requires numba-cuda[cu12]\u003c0.23.0,\u003e=0.22.1, but you have numba-cuda 0.30.2 which is incompatible.\n"}
,{"stream_name":"stderr","time":20.79052836,"data":"cuml-cu12 26.2.0 requires numba\u003c0.62.0,\u003e=0.60.0, but you have numba 0.65.1 which is incompatible.\n"}
,{"stream_name":"stderr","time":20.790533449,"data":"cuml-cu12 26.2.0 requires numba-cuda[cu12]\u003c0.23.0,\u003e=0.22.1, but you have numba-cuda 0.30.2 which is incompatible.\n"}
,{"stream_name":"stderr","time":20.790538772,"data":"ucxx-cu12 0.48.0 requires numba-cuda[cu12]\u003c0.23.0,\u003e=0.22.1, but you have numba-cuda 0.30.2 which is incompatible.\n"}
,{"stream_name":"stderr","time":20.790544402,"data":"cudf-cu12 26.2.1 requires numba\u003c0.62.0,\u003e=0.60.0, but you have numba 0.65.1 which is incompatible.\n"}
,{"stream_name":"stderr","time":20.790549158,"data":"cudf-cu12 26.2.1 requires numba-cuda[cu12]\u003c0.23.0,\u003e=0.22.2, but you have numba-cuda 0.30.2 which is incompatible.\n"}
,{"stream_name":"stderr","time":34.239010916,"data":"Skipping import of cpp extensions due to incompatible torch version. Please upgrade to torch \u003e= 2.11.0 (found 2.10.0+cu128).\n"}
,{"stream_name":"stderr","time":45.525787671,"data":"Warning: You are sending unauthenticated requests to the HF Hub. Please set a HF_TOKEN to enable higher rate limits and faster downloads.\n"}
,{"stream_name":"stderr","time":54.647749577,"data":"\rLoading weights:   0%|          | 0/290 [00:00\u003c?, ?it/s]\rLoading weights:   0%|          | 1/290 [00:00\u003c01:20,  3.58it/s]\rLoading weights:  76%|███████▌  | 220/290 [00:00\u003c00:00, 730.92it/s]\rLoading weights: 100%|██████████| 290/290 [00:00\u003c00:00, 629.75it/s]\n"}
,{"stream_name":"stdout","time":55.493122422,"data":"trainable params: 2,162,688 || all params: 496,195,456 || trainable%: 0.4359\n"}
,{"stream_name":"stderr","time":59.268013568,"data":"[transformers] `use_cache=True` is incompatible with gradient checkpointing. Setting `use_cache=False`.\n"}
,{"stream_name":"stdout","time":501.08996871,"data":"step 10  lm 2.5275  align 0.5691\n"}
,{"stream_name":"stdout","time":943.052495088,"data":"step 20  lm 2.7762  align 0.1571\n"}
,{"stream_name":"stdout","time":1384.939148984,"data":"step 30  lm 2.7124  align 0.4380\n"}
,{"stream_name":"stdout","time":1826.626566462,"data":"step 40  lm 3.0108  align 0.4256\n"}
,{"stream_name":"stdout","time":2268.35854089,"data":"step 50  lm 2.6311  align 0.6341\n"}
,{"stream_name":"stdout","time":2709.851253941,"data":"step 60  lm 2.7955  align 0.1551\n"}
,{"stream_name":"stdout","time":3151.734862263,"data":"step 70  lm 2.7346  align 0.1623\n"}
,{"stream_name":"stdout","time":3593.619722352,"data":"step 80  lm 2.2258  align 0.4938\n"}
,{"stream_name":"stdout","time":4035.361629374,"data":"step 90  lm 2.9399  align 0.2139\n"}
,{"stream_name":"stdout","time":4477.156200367,"data":"step 100  lm 2.6238  align 0.1507\n"}
,{"stream_name":"stdout","time":4918.955600128,"data":"step 110  lm 2.4599  align 0.1707\n"}
,{"stream_name":"stdout","time":5360.644861898,"data":"step 120  lm 2.5271  align 0.2378\n"}
,{"stream_name":"stdout","time":5802.640939815,"data":"step 130  lm 2.5538  align 0.1205\n"}
,{"stream_name":"stdout","time":6244.362237023,"data":"step 140  lm 2.6817  align 0.2961\n"}
,{"stream_name":"stdout","time":6686.217688882,"data":"step 150  lm 2.4639  align 0.2036\n"}
,{"stream_name":"stdout","time":7127.648488387,"data":"step 160  lm 2.5522  align 0.1989\n"}
,{"stream_name":"stdout","time":7569.180477015,"data":"step 170  lm 2.6696  align 0.1527\n"}
,{"stream_name":"stdout","time":8010.734330263,"data":"step 180  lm 2.5944  align 0.1359\n"}
,{"stream_name":"stdout","time":8452.471829924,"data":"step 190  lm 2.5295  align 0.1312\n"}
,{"stream_name":"stdout","time":8894.057127228,"data":"step 200  lm 2.6595  align 0.2802\n"}
,{"stream_name":"stdout","time":9335.747843706,"data":"step 210  lm 2.6063  align 0.1685\n"}
,{"stream_name":"stdout","time":9777.412487639,"data":"step 220  lm 2.7140  align 0.2148\n"}
,{"stream_name":"stdout","time":10219.1290155,"data":"step 230  lm 2.6218  align 0.1330\n"}
,{"stream_name":"stdout","time":10660.603809589,"data":"step 240  lm 2.8491  align 0.1505\n"}
,{"stream_name":"stdout","time":11102.176505071,"data":"step 250  lm 2.7126  align 0.1805\n"}
,{"stream_name":"stdout","time":11543.848506315,"data":"step 260  lm 2.4783  align 0.1867\n"}
,{"stream_name":"stdout","time":11985.464688306,"data":"step 270  lm 2.5547  align 0.1884\n"}
,{"stream_name":"stdout","time":12427.000144541,"data":"step 280  lm 2.7845  align 0.1308\n"}
,{"stream_name":"stdout","time":12868.73188536,"data":"step 290  lm 2.6549  align 0.1366\n"}
,{"stream_name":"stdout","time":13310.380024068,"data":"step 300  lm 2.5667  align 0.3404\n"}
,{"stream_name":"stdout","time":13310.794953609,"data":"done\n"}
,{"stream_name":"stderr","time":13310.849519322,"data":"Fatal Python error: PyGILState_Release: thread state 0x7a03e4009790 must be current when releasing\n"}
,{"stream_name":"stderr","time":13310.849545255,"data":"Python runtime state: finalizing (tstate=0x0000000000b8a5b0)\n"}
,{"stream_name":"stderr","time":13310.849550796,"data":"\n"}
,{"stream_name":"stderr","time":13310.849555364,"data":"Thread 0x00007a05d5037480 (most recent call first):\n"}
,{"stream_name":"stderr","time":13310.849560049,"data":"  \u003cno Python frame\u003e\n"}
,{"stream_name":"stderr","time":13310.849816125,"data":"\n"}
,{"stream_name":"stderr","time":13310.853402378,"data":"Extension modules: numpy._core._multiarray_umath, numpy.linalg._umath_linalg, torch._C, torch._C._dynamo.autograd_compiler, torch._C._dynamo.eval_frame, torch._C._dynamo.guards, torch._C._dynamo.utils, torch._C._fft, torch._C._linalg, torch._C._nested, torch._C._nn, torch._C._sparse, torch._C._special, regex._regex, _brotli, zstandard.backend_c, yaml._yaml, markupsafe._speedups, PIL._imaging, _cffi_backend, psutil._psutil_linux, psutil._psutil_posix, numpy.random._common, numpy.random.bit_generator, numpy.random._bounded_integers, numpy.random._pcg64, numpy.random._generator, numpy.random._mt19937, numpy.random._philox, numpy.random._sfc64, numpy.random.mtrand, cython.cimports.libc.math, scipy._lib._ccallback_c, scipy.linalg._fblas, scipy.linalg._flapack, _cyutility, scipy._cyutility, scipy.linalg.cython_lapack, charset_normalizer.md, charset_normalizer.cd, scipy.linalg._cythonized_array_utils, scipy.linalg._solve_toeplitz, scipy.linalg._decomp_lu_cython, scipy.linalg._matfuncs_schur_sqrtm, scipy.linalg._matfuncs_expm, scipy.linalg._linalg_pythran, scipy.linalg.cython_blas, scipy.linalg._decomp_update, scipy.sparse._sparsetools, _csparsetools, scipy.sparse._csparsetools, scipy.sparse.linalg._dsolve._superlu, scipy.sparse.linalg._eigen.arpack._arpack, scipy.sparse.linalg._propack._spropack, scipy.sparse.linalg._propack._dpropack, scipy.sparse.linalg._propack._cpropack, scipy.sparse.linalg._propack._zpropack, scipy.optimize._group_columns, scipy._lib.messagestream, scipy.optimize._trlib._trlib, scipy.optimize._lbfgsb, _moduleTNC, scipy.optimize._moduleTNC, scipy.optimize._slsqplib, scipy.optimize._minpack, scipy.optimize._lsq.givens_elimination, scipy.optimize._zeros, scipy._lib._uarray._uarray, scipy.special._ufuncs_cxx, scipy.special._ellip_harm_2, scipy.special._special_ufuncs, scipy.special._gufuncs, scipy.special._ufuncs, scipy.special._specfun, scipy.special._comb, scipy.linalg._decomp_interpolative, scipy.optimize._bglu_dense, scipy.optimize._lsap, scipy.spatial._ckdtree, scipy.spatial._qhull, scipy.spatial._voronoi, scipy.spatial._hausdorff, scipy.spatial._distance_wrap, scipy.spatial.transform._rotation, scipy.spatial.transform._rigid_transform, scipy.optimize._direct, PIL._imagingft, pyarrow.lib, pandas._libs.tslibs.ccalendar, pandas._libs.tslibs.np_datetime, pandas._libs.tslibs.dtypes, pandas._libs.tslibs.base, pandas._libs.tslibs.nattype, pandas._libs.tslibs.timezones, pandas._libs.tslibs.fields, pandas._libs.tslibs.timedeltas, pandas._libs.tslibs.tzconversion, pandas._libs.tslibs.timestamps, pandas._libs.properties, pandas._libs.tslibs.offsets, pandas._libs.tslibs.strptime, pandas._libs.tslibs.parsing, pandas._libs.tslibs.conversion, pandas._libs.tslibs.period, pandas._libs.tslibs.vectorized, pandas._libs.ops_dispatch, pandas._libs.missing, pandas._libs.hashtable, pandas._libs.algos, pandas._libs.interval, pandas._libs.lib, pyarrow._compute, pandas._libs.ops, numexpr.interpreter, bottleneck.move, bottleneck.nonreduce, bottleneck.nonreduce_axis, bottleneck.reduce, pandas._libs.hashing, pandas._libs.arrays, pandas._libs.tslib, pandas._libs.sparse, pandas._libs.internals, pandas._libs.indexing, pandas._libs.index, pandas._libs.writers, pandas._libs.join, pandas._libs.window.aggregations, pandas._libs.window.indexers, pandas._libs.reshape, pandas._libs.groupby, pandas._libs.json, pandas._libs.parsers, pandas._libs.testing, pyarrow._acero, pyarrow._fs, pyarrow._csv, pyarrow._json, pyarrow._substrait, pyarrow._dataset, pyarrow._dataset_orc, pyarrow._parquet, pyarrow._azurefs, pyarrow._hdfs, pyarrow._gcsfs, pyarrow._s3fs, pyarrow._parquet_encryption, pyarrow._dataset_parquet_encryption, pyarrow._dataset_parquet, simplejson._speedups, multidict._multidict, yarl._quoting_c, propcache._helpers_c, aiohttp._http_writer, aiohttp._http_parser, aiohttp._websocket.mask, aiohttp._websocket.reader_c, frozenlist._frozenlist, PIL._imagingcms, xxhash._xxhash, sklearn.__check_build._check_build, scipy.integrate._odepack, scipy.integrate._quadpack, scipy.integrate._vode, scipy.integrate._dop, scipy.integrate._lsoda, scipy.interpolate._fitpack, scipy.interpolate._dfitpack, scipy.interpolate._dierckx, scipy.interpolate._ppoly, scipy.interpolate._interpnd, scipy.interpolate._rbfinterp_pythran, scipy.interpolate._rgi_cython, scipy.special.cython_special, scipy.stats._stats, scipy.stats._biasedurn, scipy.stats._stats_pythran, scipy.stats._levy_stable.levyst, scipy.stats._ansari_swilk_statistics, scipy.sparse.csgraph._tools, scipy.sparse.csgraph._shortest_path, scipy.sparse.csgraph._traversal, scipy.sparse.csgraph._min_spanning_tree, scipy.sparse.csgraph._flow, scipy.sparse.csgraph._matching, scipy.sparse.csgraph._reordering, scipy.stats._sobol, scipy.stats._qmc_cy, scipy.stats._rcont.rcont, scipy.stats._qmvnt_cy, scipy.ndimage._nd_image, scipy.ndimage._rank_filter_1d, _ni_label, scipy.ndimage._ni_label, sklearn.utils._isfinite, sklearn.utils.sparsefuncs_fast, sklearn.utils.murmurhash, sklearn.utils._openmp_helpers, sklearn.metrics.cluster._expected_mutual_info_fast, sklearn.preprocessing._csr_polynomial_expansion, sklearn.preprocessing._target_encoder_fast, sklearn.metrics._dist_metrics, sklearn.metrics._pairwise_distances_reduction._datasets_pair, sklearn.utils._cython_blas, sklearn.metrics._pairwise_distances_reduction._base, sklearn.metrics._pairwise_distances_reduction._middle_term_computer, sklearn.utils._heap, sklearn.utils._sorting, sklearn.metrics._pairwise_distances_reduction._argkmin, sklearn.metrics._pairwise_distances_reduction._argkmin_classmode, sklearn.utils._vector_sentinel, sklearn.metrics._pairwise_distances_reduction._radius_neighbors, sklearn.metrics._pairwise_distances_reduction._radius_neighbors_classmode, sklearn.metrics._pairwise_fast, sentencepiece._sentencepiece, ujson, scipy.io.matlab._mio_utils, scipy.io.matlab._streams, scipy.io.matlab._mio5_utils (total: 219)\n"}
,{"stream_name":"stderr","time":13311.325801461,"data":"Aborted (core dumped)\n"}
,{"stream_name":"stderr","time":13313.237490537,"data":"/usr/local/lib/python3.12/dist-packages/mistune.py:435: SyntaxWarning: invalid escape sequence '\\|'\n"}
,{"stream_name":"stderr","time":13313.237524169,"data":"  cells[i][c] = re.sub('\\\\\\\\\\|', '|', cell)\n"}
,{"stream_name":"stderr","time":13313.454609059,"data":"/usr/local/lib/python3.12/dist-packages/nbconvert/filters/filter_links.py:36: SyntaxWarning: invalid escape sequence '\\_'\n"}
,{"stream_name":"stderr","time":13313.454641428,"data":"  text = re.sub(r'_', '\\_', text) # Escape underscores in display text\n"}
,{"stream_name":"stderr","time":13314.073662354,"data":"[NbConvertApp] Converting notebook __script__.ipynb to html\n"}
,{"stream_name":"stderr","time":13315.250458447,"data":"[NbConvertApp] Writing 311117 bytes to __results__.html\n"}
]