[{"stream_name":"stdout","time":5.66622239,"data":"   ━━━━━━━━━━━━━━━━━━━━━━━━━━━━━━━━━━━━━━━━ 11.2/11.2 MB 102.9 MB/s eta 0:00:00\n"}
,{"stream_name":"stdout","time":5.697438291,"data":"   ━━━━━━━━━━━━━━━━━━━━━━━━━━━━━━━━━━━━━━━━ 680.7/680.7 kB 35.8 MB/s eta 0:00:00\n"}
,{"stream_name":"stdout","time":5.726511683,"data":"   ━━━━━━━━━━━━━━━━━━━━━━━━━━━━━━━━━━━━━━━━ 555.1/555.1 kB 31.9 MB/s eta 0:00:00\n"}
,{"stream_name":"stdout","time":5.753552796,"data":"   ━━━━━━━━━━━━━━━━━━━━━━━━━━━━━━━━━━━━━━━━ 389.2/389.2 kB 25.2 MB/s eta 0:00:00\n"}
,{"stream_name":"stdout","time":5.809906901,"data":"   ━━━━━━━━━━━━━━━━━━━━━━━━━━━━━━━━━━━━━━━━ 3.2/3.2 MB 80.9 MB/s eta 0:00:00\n"}
,{"stream_name":"stdout","time":5.934969761,"data":"   ━━━━━━━━━━━━━━━━━━━━━━━━━━━━━━━━━━━━━━━━ 12.2/12.2 MB 104.5 MB/s eta 0:00:00\n"}
,{"stream_name":"stderr","time":22.839098249,"data":"ERROR: pip's dependency resolver does not currently take into account all the packages that are installed. This behaviour is the source of the following dependency conflicts.\n"}
,{"stream_name":"stderr","time":22.839132552,"data":"dask-cuda 26.2.0 requires cuda-core==0.3.*, but you have cuda-core 1.0.1 which is incompatible.\n"}
,{"stream_name":"stderr","time":22.839136851,"data":"dask-cuda 26.2.0 requires numba-cuda\u003c0.23.0,\u003e=0.22.1, but you have numba-cuda 0.30.2 which is incompatible.\n"}
,{"stream_name":"stderr","time":22.839141561,"data":"distributed-ucxx-cu12 0.48.0 requires numba-cuda[cu12]\u003c0.23.0,\u003e=0.22.1, but you have numba-cuda 0.30.2 which is incompatible.\n"}
,{"stream_name":"stderr","time":22.839145229,"data":"cuml-cu12 26.2.0 requires numba\u003c0.62.0,\u003e=0.60.0, but you have numba 0.65.1 which is incompatible.\n"}
,{"stream_name":"stderr","time":22.839148905,"data":"cuml-cu12 26.2.0 requires numba-cuda[cu12]\u003c0.23.0,\u003e=0.22.1, but you have numba-cuda 0.30.2 which is incompatible.\n"}
,{"stream_name":"stderr","time":22.839152492,"data":"ucxx-cu12 0.48.0 requires numba-cuda[cu12]\u003c0.23.0,\u003e=0.22.1, but you have numba-cuda 0.30.2 which is incompatible.\n"}
,{"stream_name":"stderr","time":22.839156276,"data":"cudf-cu12 26.2.1 requires numba\u003c0.62.0,\u003e=0.60.0, but you have numba 0.65.1 which is incompatible.\n"}
,{"stream_name":"stderr","time":22.839159751,"data":"cudf-cu12 26.2.1 requires numba-cuda[cu12]\u003c0.23.0,\u003e=0.22.2, but you have numba-cuda 0.30.2 which is incompatible.\n"}
,{"stream_name":"stderr","time":39.357679005,"data":"Skipping import of cpp extensions due to incompatible torch version. Please upgrade to torch \u003e= 2.11.0 (found 2.10.0+cu128).\n"}
,{"stream_name":"stderr","time":51.918354495,"data":"Warning: You are sending unauthenticated requests to the HF Hub. Please set a HF_TOKEN to enable higher rate limits and faster downloads.\n"}
,{"stream_name":"stderr","time":61.718141082,"data":"\rLoading weights:   0%|          | 0/290 [00:00\u003c?, ?it/s]\rLoading weights:   0%|          | 1/290 [00:00\u003c01:48,  2.66it/s]\rLoading weights:  83%|████████▎ | 240/290 [00:00\u003c00:00, 660.36it/s]\rLoading weights: 100%|██████████| 290/290 [00:00\u003c00:00, 540.22it/s]\n"}
,{"stream_name":"stdout","time":65.670757622,"data":"trainable params: 2,263,320 || all params: 496,296,088 || trainable%: 0.4560\n"}
,{"stream_name":"stdout","time":65.672515676,"data":"attached NSA to 24 layers; NSA params 100,632\n"}
,{"stream_name":"stdout","time":104.565535465,"data":"step 10  lm 2.9346  align 0.0029\n"}
,{"stream_name":"stdout","time":140.066661408,"data":"step 20  lm 2.2627  align 0.0023\n"}
,{"stream_name":"stdout","time":175.817834064,"data":"step 30  lm 1.8115  align 0.0032\n"}
,{"stream_name":"stdout","time":210.94209662,"data":"step 40  lm 2.5589  align 0.0014\n"}
,{"stream_name":"stdout","time":246.61210014,"data":"step 50  lm 2.7035  align 0.0015\n"}
,{"stream_name":"stdout","time":281.875727185,"data":"step 60  lm 2.3516  align 0.0012\n"}
,{"stream_name":"stdout","time":317.271486868,"data":"step 70  lm 2.8370  align 0.0021\n"}
,{"stream_name":"stdout","time":352.811708869,"data":"step 80  lm 2.7118  align 0.0012\n"}
,{"stream_name":"stdout","time":388.312010642,"data":"step 90  lm 2.6562  align 0.0011\n"}
,{"stream_name":"stdout","time":423.801105444,"data":"step 100  lm 2.7253  align 0.0015\n"}
,{"stream_name":"stdout","time":459.581397294,"data":"step 110  lm 2.4033  align 0.0026\n"}
,{"stream_name":"stdout","time":495.091594612,"data":"step 120  lm 2.3769  align 0.0017\n"}
,{"stream_name":"stdout","time":530.524827573,"data":"step 130  lm 2.3831  align 0.0011\n"}
,{"stream_name":"stdout","time":566.011175896,"data":"step 140  lm 2.5566  align 0.0012\n"}
,{"stream_name":"stdout","time":601.423792027,"data":"step 150  lm 2.2302  align 0.0025\n"}
,{"stream_name":"stdout","time":636.812455349,"data":"step 160  lm 3.1156  align 0.0013\n"}
,{"stream_name":"stdout","time":672.236557633,"data":"step 170  lm 3.1253  align 0.0011\n"}
,{"stream_name":"stdout","time":707.591928505,"data":"step 180  lm 2.9327  align 0.0013\n"}
,{"stream_name":"stdout","time":743.138802694,"data":"step 190  lm 2.5226  align 0.0011\n"}
,{"stream_name":"stdout","time":778.51123082,"data":"step 200  lm 2.2926  align 0.0010\n"}
,{"stream_name":"stdout","time":814.153359999,"data":"step 210  lm 2.8266  align 0.0011\n"}
,{"stream_name":"stdout","time":849.527409641,"data":"step 220  lm 2.4911  align 0.0010\n"}
,{"stream_name":"stdout","time":884.927236928,"data":"step 230  lm 2.2470  align 0.0013\n"}
,{"stream_name":"stdout","time":920.255828579,"data":"step 240  lm 2.8319  align 0.0012\n"}
,{"stream_name":"stdout","time":955.603345415,"data":"step 250  lm 2.8526  align 0.0011\n"}
,{"stream_name":"stdout","time":990.971529286,"data":"step 260  lm 2.1909  align 0.0015\n"}
,{"stream_name":"stdout","time":1026.349454805,"data":"step 270  lm 2.4899  align 0.0011\n"}
,{"stream_name":"stdout","time":1061.700925748,"data":"step 280  lm 3.0860  align 0.0017\n"}
,{"stream_name":"stdout","time":1097.099257874,"data":"step 290  lm 2.6702  align 0.0008\n"}
,{"stream_name":"stdout","time":1132.456898623,"data":"step 300  lm 3.0092  align 0.0010\n"}
,{"stream_name":"stdout","time":1132.956958546,"data":"done\n"}
,{"stream_name":"stderr","time":1133.052710333,"data":"Fatal Python error: PyGILState_Release: thread state 0x79671c005f80 must be current when releasing\n"}
,{"stream_name":"stderr","time":1133.052791141,"data":"Python runtime state: finalizing (tstate=0x0000000000b8a5b0)\n"}
,{"stream_name":"stderr","time":1133.052800379,"data":"\n"}
,{"stream_name":"stderr","time":1133.052805985,"data":"Thread 0x000079693df9d480 (most recent call first):\n"}
,{"stream_name":"stderr","time":1133.052811465,"data":"  \u003cno Python frame\u003e\n"}
,{"stream_name":"stderr","time":1133.052820899,"data":"\n"}
,{"stream_name":"stderr","time":1133.056309945,"data":"Extension modules: numpy._core._multiarray_umath, numpy.linalg._umath_linalg, torch._C, torch._C._dynamo.autograd_compiler, torch._C._dynamo.eval_frame, torch._C._dynamo.guards, torch._C._dynamo.utils, torch._C._fft, torch._C._linalg, torch._C._nested, torch._C._nn, torch._C._sparse, torch._C._special, regex._regex, _brotli, zstandard.backend_c, yaml._yaml, markupsafe._speedups, PIL._imaging, _cffi_backend, psutil._psutil_linux, psutil._psutil_posix, numpy.random._common, numpy.random.bit_generator, numpy.random._bounded_integers, numpy.random._pcg64, numpy.random._generator, numpy.random._mt19937, numpy.random._philox, numpy.random._sfc64, numpy.random.mtrand, cython.cimports.libc.math, scipy._lib._ccallback_c, scipy.linalg._fblas, scipy.linalg._flapack, _cyutility, scipy._cyutility, scipy.linalg.cython_lapack, charset_normalizer.md, charset_normalizer.cd, scipy.linalg._cythonized_array_utils, scipy.linalg._solve_toeplitz, scipy.linalg._decomp_lu_cython, scipy.linalg._matfuncs_schur_sqrtm, scipy.linalg._matfuncs_expm, scipy.linalg._linalg_pythran, scipy.linalg.cython_blas, scipy.linalg._decomp_update, scipy.sparse._sparsetools, _csparsetools, scipy.sparse._csparsetools, scipy.sparse.linalg._dsolve._superlu, scipy.sparse.linalg._eigen.arpack._arpack, scipy.sparse.linalg._propack._spropack, scipy.sparse.linalg._propack._dpropack, scipy.sparse.linalg._propack._cpropack, scipy.sparse.linalg._propack._zpropack, scipy.optimize._group_columns, scipy._lib.messagestream, scipy.optimize._trlib._trlib, scipy.optimize._lbfgsb, _moduleTNC, scipy.optimize._moduleTNC, scipy.optimize._slsqplib, scipy.optimize._minpack, scipy.optimize._lsq.givens_elimination, scipy.optimize._zeros, scipy._lib._uarray._uarray, scipy.special._ufuncs_cxx, scipy.special._ellip_harm_2, scipy.special._special_ufuncs, scipy.special._gufuncs, scipy.special._ufuncs, scipy.special._specfun, scipy.special._comb, scipy.linalg._decomp_interpolative, scipy.optimize._bglu_dense, scipy.optimize._lsap, scipy.spatial._ckdtree, scipy.spatial._qhull, scipy.spatial._voronoi, scipy.spatial._hausdorff, scipy.spatial._distance_wrap, scipy.spatial.transform._rotation, scipy.spatial.transform._rigid_transform, scipy.optimize._direct, PIL._imagingft, pyarrow.lib, pandas._libs.tslibs.ccalendar, pandas._libs.tslibs.np_datetime, pandas._libs.tslibs.dtypes, pandas._libs.tslibs.base, pandas._libs.tslibs.nattype, pandas._libs.tslibs.timezones, pandas._libs.tslibs.fields, pandas._libs.tslibs.timedeltas, pandas._libs.tslibs.tzconversion, pandas._libs.tslibs.timestamps, pandas._libs.properties, pandas._libs.tslibs.offsets, pandas._libs.tslibs.strptime, pandas._libs.tslibs.parsing, pandas._libs.tslibs.conversion, pandas._libs.tslibs.period, pandas._libs.tslibs.vectorized, pandas._libs.ops_dispatch, pandas._libs.missing, pandas._libs.hashtable, pandas._libs.algos, pandas._libs.interval, pandas._libs.lib, pyarrow._compute, pandas._libs.ops, numexpr.interpreter, bottleneck.move, bottleneck.nonreduce, bottleneck.nonreduce_axis, bottleneck.reduce, pandas._libs.hashing, pandas._libs.arrays, pandas._libs.tslib, pandas._libs.sparse, pandas._libs.internals, pandas._libs.indexing, pandas._libs.index, pandas._libs.writers, pandas._libs.join, pandas._libs.window.aggregations, pandas._libs.window.indexers, pandas._libs.reshape, pandas._libs.groupby, pandas._libs.json, pandas._libs.parsers, pandas._libs.testing, pyarrow._acero, pyarrow._fs, pyarrow._csv, pyarrow._json, pyarrow._substrait, pyarrow._dataset, pyarrow._dataset_orc, pyarrow._parquet, pyarrow._azurefs, pyarrow._hdfs, pyarrow._gcsfs, pyarrow._s3fs, pyarrow._parquet_encryption, pyarrow._dataset_parquet_encryption, pyarrow._dataset_parquet, simplejson._speedups, multidict._multidict, yarl._quoting_c, propcache._helpers_c, aiohttp._http_writer, aiohttp._http_parser, aiohttp._websocket.mask, aiohttp._websocket.reader_c, frozenlist._frozenlist, PIL._imagingcms, xxhash._xxhash, sklearn.__check_build._check_build, scipy.integrate._odepack, scipy.integrate._quadpack, scipy.integrate._vode, scipy.integrate._dop, scipy.integrate._lsoda, scipy.interpolate._fitpack, scipy.interpolate._dfitpack, scipy.interpolate._dierckx, scipy.interpolate._ppoly, scipy.interpolate._interpnd, scipy.interpolate._rbfinterp_pythran, scipy.interpolate._rgi_cython, scipy.special.cython_special, scipy.stats._stats, scipy.stats._biasedurn, scipy.stats._stats_pythran, scipy.stats._levy_stable.levyst, scipy.stats._ansari_swilk_statistics, scipy.sparse.csgraph._tools, scipy.sparse.csgraph._shortest_path, scipy.sparse.csgraph._traversal, scipy.sparse.csgraph._min_spanning_tree, scipy.sparse.csgraph._flow, scipy.sparse.csgraph._matching, scipy.sparse.csgraph._reordering, scipy.stats._sobol, scipy.stats._qmc_cy, scipy.stats._rcont.rcont, scipy.stats._qmvnt_cy, scipy.ndimage._nd_image, scipy.ndimage._rank_filter_1d, _ni_label, scipy.ndimage._ni_label, sklearn.utils._isfinite, sklearn.utils.sparsefuncs_fast, sklearn.utils.murmurhash, sklearn.utils._openmp_helpers, sklearn.metrics.cluster._expected_mutual_info_fast, sklearn.preprocessing._csr_polynomial_expansion, sklearn.preprocessing._target_encoder_fast, sklearn.metrics._dist_metrics, sklearn.metrics._pairwise_distances_reduction._datasets_pair, sklearn.utils._cython_blas, sklearn.metrics._pairwise_distances_reduction._base, sklearn.metrics._pairwise_distances_reduction._middle_term_computer, sklearn.utils._heap, sklearn.utils._sorting, sklearn.metrics._pairwise_distances_reduction._argkmin, sklearn.metrics._pairwise_distances_reduction._argkmin_classmode, sklearn.utils._vector_sentinel, sklearn.metrics._pairwise_distances_reduction._radius_neighbors, sklearn.metrics._pairwise_distances_reduction._radius_neighbors_classmode, sklearn.metrics._pairwise_fast, sentencepiece._sentencepiece, ujson, scipy.io.matlab._mio_utils, scipy.io.matlab._streams, scipy.io.matlab._mio5_utils (total: 219)\n"}
,{"stream_name":"stderr","time":1133.525124113,"data":"Aborted (core dumped)\n"}
,{"stream_name":"stderr","time":1135.557517351,"data":"/usr/local/lib/python3.12/dist-packages/mistune.py:435: SyntaxWarning: invalid escape sequence '\\|'\n"}
,{"stream_name":"stderr","time":1135.557545008,"data":"  cells[i][c] = re.sub('\\\\\\\\\\|', '|', cell)\n"}
,{"stream_name":"stderr","time":1135.822693336,"data":"/usr/local/lib/python3.12/dist-packages/nbconvert/filters/filter_links.py:36: SyntaxWarning: invalid escape sequence '\\_'\n"}
,{"stream_name":"stderr","time":1135.822721659,"data":"  text = re.sub(r'_', '\\_', text) # Escape underscores in display text\n"}
,{"stream_name":"stderr","time":1136.456851805,"data":"[NbConvertApp] Converting notebook __script__.ipynb to html\n"}
,{"stream_name":"stderr","time":1137.721324866,"data":"[NbConvertApp] Writing 330141 bytes to __results__.html\n"}
]